// Jest Snapshot v1, https://goo.gl/fbAQLP

exports[`renders correctly 1`] = `
<RCTScrollView
  style={
    {
      "backgroundColor": "#F5F5F5",
      "flex": 1,
    }
  }
>
  <View>
    <View
      style={
        {
          "alignItems": "center",
          "backgroundColor": "#FFFFFF",
          "elevation": 5,
          "flexDirection": "row",
          "height": 60,
          "justifyContent": "space-between",
          "padding": 16,
          "shadowColor": "#000",
          "shadowOffset": {
            "height": 2,
            "width": 0,
          },
          "shadowOpacity": 0.25,
          "shadowRadius": 3.84,
        }
      }
    >
      <View
        style={
          {
            "width": 50,
          }
        }
      >
        <View
          accessibilityState={
            {
              "busy": undefined,
              "checked": undefined,
              "disabled": undefined,
              "expanded": undefined,
              "selected": undefined,
            }
          }
          accessibilityValue={
            {
              "max": undefined,
              "min": undefined,
              "now": undefined,
              "text": undefined,
            }
          }
          accessible={true}
          collapsable={false}
          focusable={true}
          onClick={[Function]}
          onResponderGrant={[Function]}
          onResponderMove={[Function]}
          onResponderRelease={[Function]}
          onResponderTerminate={[Function]}
          onResponderTerminationRequest={[Function]}
          onStartShouldSetResponder={[Function]}
          style={
            {
              "opacity": 1,
            }
          }
        >
          <
            color="black"
            name="back"
            size={24}
          />
        </View>
      </View>
      <View
        style={
          {
            "alignItems": "center",
            "flex": 1,
          }
        }
      >
        <Text
          style={
            {
              "fontSize": 20,
              "fontWeight": "bold",
            }
          }
        >
          Edit Profile
        </Text>
      </View>
      <View
        style={
          {
            "width": 50,
          }
        }
      >
        <View
          accessibilityState={
            {
              "busy": undefined,
              "checked": undefined,
              "disabled": undefined,
              "expanded": undefined,
              "selected": undefined,
            }
          }
          accessibilityValue={
            {
              "max": undefined,
              "min": undefined,
              "now": undefined,
              "text": undefined,
            }
          }
          accessible={true}
          collapsable={false}
          focusable={true}
          onClick={[Function]}
          onResponderGrant={[Function]}
          onResponderMove={[Function]}
          onResponderRelease={[Function]}
          onResponderTerminate={[Function]}
          onResponderTerminationRequest={[Function]}
          onStartShouldSetResponder={[Function]}
          style={
            {
              "opacity": 1,
            }
          }
        >
          <Text>
            Save
          </Text>
        </View>
      </View>
    </View>
    <View
      style={
        {
          "backgroundColor": "#FFFFFF",
          "marginTop": 10,
          "padding": 20,
        }
      }
    >
      <Text
        style={
          {
            "color": "#333333",
            "fontSize": 20,
            "fontWeight": "bold",
            "marginBottom": 10,
          }
        }
      >
        Your Photos
      </Text>
      <View
        accessibilityRole="button"
        accessibilityState={
          {
            "busy": undefined,
            "checked": undefined,
            "disabled": undefined,
            "expanded": undefined,
            "selected": undefined,
          }
        }
        accessibilityValue={
          {
            "max": undefined,
            "min": undefined,
            "now": undefined,
            "text": undefined,
          }
        }
        accessible={true}
        collapsable={false}
        focusable={true}
        onClick={[Function]}
        onResponderGrant={[Function]}
        onResponderMove={[Function]}
        onResponderRelease={[Function]}
        onResponderTerminate={[Function]}
        onResponderTerminationRequest={[Function]}
        onStartShouldSetResponder={[Function]}
        style={
          {
            "opacity": 1,
          }
        }
      >
        <View
          style={
            [
              {},
            ]
          }
        >
          <Text
            style={
              [
                {
                  "color": "#007AFF",
                  "fontSize": 18,
                  "margin": 8,
                  "textAlign": "center",
                },
              ]
            }
          >
            Upload Photos
          </Text>
        </View>
      </View>
      <View
        style={
          {
            "flexDirection": "row",
            "flexWrap": "wrap",
            "marginTop": 20,
          }
        }
      />
    </View>
    <View
      style={
        {
          "backgroundColor": "#FFFFFF",
          "marginTop": 10,
          "padding": 20,
        }
      }
    >
      <Text
        style={
          {
            "color": "#333333",
            "fontSize": 20,
            "fontWeight": "bold",
            "marginBottom": 10,
          }
        }
      >
        About Me
      </Text>
      <TextInput
        maxLength={500}
        multiline={true}
        onChangeText={[Function]}
        style={
          {
            "borderColor": "#BDBDBD",
            "borderRadius": 8,
            "borderWidth": 1,
            "fontSize": 16,
            "height": 150,
            "padding": 10,
            "textAlignVertical": "top",
          }
        }
        value=""
      />
    </View>
  </View>
</RCTScrollView>
`;
