// Jest Snapshot v1, https://goo.gl/fbAQLP

exports[`renders correctly 1`] = `
<ActivityIndicator
  color="#E91E63"
  size="large"
  style={
    {
      "flex": 1,
      "justifyContent": "center",
    }
  }
/>
`;
