// Jest Snapshot v1, https://goo.gl/fbAQLP

exports[`renders correctly 1`] = `
<RCTScrollView
  contentContainerStyle={
    {
      "alignItems": "center",
      "backgroundColor": "#F5F5F5",
      "flexGrow": 1,
      "justifyContent": "center",
      "padding": 24,
    }
  }
>
  <View>
    <Text
      style={
        {
          "color": "#333333",
          "fontSize": 24,
          "fontWeight": "bold",
          "marginBottom": 40,
          "textAlign": "center",
        }
      }
    >
      Create Your Account
    </Text>
    <TextInput
      accessibilityLabel="Name Input"
      onChangeText={[Function]}
      placeholder="Enter your name"
      style={
        {
          "backgroundColor": "#FFFFFF",
          "borderColor": "#BDBDBD",
          "borderRadius": 8,
          "borderWidth": 1,
          "fontSize": 16,
          "height": 50,
          "marginBottom": 20,
          "paddingHorizontal": 16,
          "width": "100%",
        }
      }
      value=""
    />
    <TextInput
      accessibilityLabel="Email Input"
      autoCapitalize="none"
      keyboardType="email-address"
      onChangeText={[Function]}
      placeholder="Enter your email"
      style={
        {
          "backgroundColor": "#FFFFFF",
          "borderColor": "#BDBDBD",
          "borderRadius": 8,
          "borderWidth": 1,
          "fontSize": 16,
          "height": 50,
          "marginBottom": 20,
          "paddingHorizontal": 16,
          "width": "100%",
        }
      }
      value=""
    />
    <TextInput
      accessibilityLabel="Password Input"
      onChangeText={[Function]}
      placeholder="Enter your password"
      secureTextEntry={true}
      style={
        {
          "backgroundColor": "#FFFFFF",
          "borderColor": "#BDBDBD",
          "borderRadius": 8,
          "borderWidth": 1,
          "fontSize": 16,
          "height": 50,
          "marginBottom": 20,
          "paddingHorizontal": 16,
          "width": "100%",
        }
      }
      value=""
    />
    <View
      accessibilityRole="button"
      accessibilityState={
        {
          "busy": undefined,
          "checked": undefined,
          "disabled": false,
          "expanded": undefined,
          "selected": undefined,
        }
      }
      accessibilityValue={
        {
          "max": undefined,
          "min": undefined,
          "now": undefined,
          "text": undefined,
        }
      }
      accessible={true}
      collapsable={false}
      focusable={true}
      onClick={[Function]}
      onResponderGrant={[Function]}
      onResponderMove={[Function]}
      onResponderRelease={[Function]}
      onResponderTerminate={[Function]}
      onResponderTerminationRequest={[Function]}
      onStartShouldSetResponder={[Function]}
      style={
        {
          "opacity": 1,
        }
      }
    >
      <View
        style={
          [
            {},
          ]
        }
      >
        <Text
          disabled={false}
          style={
            [
              {
                "color": "#007AFF",
                "fontSize": 18,
                "margin": 8,
                "textAlign": "center",
              },
              {
                "color": "#E91E63",
              },
            ]
          }
        >
          Register
        </Text>
      </View>
    </View>
  </View>
</RCTScrollView>
`;
